// Jest Snapshot v1, https://goo.gl/fbAQLP

exports[`Pruebas en <GifItem /> debe de hacer match con el sanpsho 1`] = `
<div>
  <div
    class="card"
  >
    <img
      alt="Titulo"
      src="https://www.wikipedia.com"
    />
    <p>
      Titulo
    </p>
  </div>
</div>
`;
